------------------------------------------------------------
TimeQuest Timing Analyzer Summary
------------------------------------------------------------

Type  : Slow 1200mV 85C Model Setup 'clk'
Slack : -2.495
TNS   : -46.088

Type  : Slow 1200mV 85C Model Setup 'timer_ctl:timer_ctl_ports|clk_converter_60hz:clk_converter_ports|clock_tmp'
Slack : -1.767
TNS   : -19.340

Type  : Slow 1200mV 85C Model Hold 'clk'
Slack : -0.005
TNS   : -0.005

Type  : Slow 1200mV 85C Model Hold 'timer_ctl:timer_ctl_ports|clk_converter_60hz:clk_converter_ports|clock_tmp'
Slack : 0.357
TNS   : 0.000

Type  : Slow 1200mV 85C Model Minimum Pulse Width 'clk'
Slack : -3.000
TNS   : -36.000

Type  : Slow 1200mV 85C Model Minimum Pulse Width 'timer_ctl:timer_ctl_ports|clk_converter_60hz:clk_converter_ports|clock_tmp'
Slack : -1.000
TNS   : -18.000

Type  : Slow 1200mV 0C Model Setup 'clk'
Slack : -2.125
TNS   : -36.809

Type  : Slow 1200mV 0C Model Setup 'timer_ctl:timer_ctl_ports|clk_converter_60hz:clk_converter_ports|clock_tmp'
Slack : -1.496
TNS   : -15.825

Type  : Slow 1200mV 0C Model Hold 'clk'
Slack : -0.060
TNS   : -0.060

Type  : Slow 1200mV 0C Model Hold 'timer_ctl:timer_ctl_ports|clk_converter_60hz:clk_converter_ports|clock_tmp'
Slack : 0.312
TNS   : 0.000

Type  : Slow 1200mV 0C Model Minimum Pulse Width 'clk'
Slack : -3.000
TNS   : -36.000

Type  : Slow 1200mV 0C Model Minimum Pulse Width 'timer_ctl:timer_ctl_ports|clk_converter_60hz:clk_converter_ports|clock_tmp'
Slack : -1.000
TNS   : -18.000

Type  : Fast 1200mV 0C Model Setup 'clk'
Slack : -0.939
TNS   : -12.406

Type  : Fast 1200mV 0C Model Setup 'timer_ctl:timer_ctl_ports|clk_converter_60hz:clk_converter_ports|clock_tmp'
Slack : -0.534
TNS   : -5.167

Type  : Fast 1200mV 0C Model Hold 'clk'
Slack : 0.018
TNS   : 0.000

Type  : Fast 1200mV 0C Model Hold 'timer_ctl:timer_ctl_ports|clk_converter_60hz:clk_converter_ports|clock_tmp'
Slack : 0.187
TNS   : 0.000

Type  : Fast 1200mV 0C Model Minimum Pulse Width 'clk'
Slack : -3.000
TNS   : -39.387

Type  : Fast 1200mV 0C Model Minimum Pulse Width 'timer_ctl:timer_ctl_ports|clk_converter_60hz:clk_converter_ports|clock_tmp'
Slack : -1.000
TNS   : -18.000

------------------------------------------------------------
