TimeQuest Timing Analyzer report for MUX4X1
Thu Nov 22 13:32:27 2012
Quartus II 32-bit Version 12.0 Build 263 08/02/2012 Service Pack 2 SJ Web Edition


---------------------
; Table of Contents ;
---------------------
  1. Legal Notice
  2. TimeQuest Timing Analyzer Summary
  3. Clocks
  4. Slow 1200mV 85C Model Fmax Summary
  5. Slow 1200mV 85C Model Setup Summary
  6. Slow 1200mV 85C Model Hold Summary
  7. Slow 1200mV 85C Model Recovery Summary
  8. Slow 1200mV 85C Model Removal Summary
  9. Slow 1200mV 85C Model Minimum Pulse Width Summary
 10. Propagation Delay
 11. Minimum Propagation Delay
 12. Slow 1200mV 85C Model Metastability Report
 13. Slow 1200mV 0C Model Fmax Summary
 14. Slow 1200mV 0C Model Setup Summary
 15. Slow 1200mV 0C Model Hold Summary
 16. Slow 1200mV 0C Model Recovery Summary
 17. Slow 1200mV 0C Model Removal Summary
 18. Slow 1200mV 0C Model Minimum Pulse Width Summary
 19. Propagation Delay
 20. Minimum Propagation Delay
 21. Slow 1200mV 0C Model Metastability Report
 22. Fast 1200mV 0C Model Setup Summary
 23. Fast 1200mV 0C Model Hold Summary
 24. Fast 1200mV 0C Model Recovery Summary
 25. Fast 1200mV 0C Model Removal Summary
 26. Fast 1200mV 0C Model Minimum Pulse Width Summary
 27. Propagation Delay
 28. Minimum Propagation Delay
 29. Fast 1200mV 0C Model Metastability Report
 30. Multicorner Timing Analysis Summary
 31. Progagation Delay
 32. Minimum Progagation Delay
 33. Board Trace Model Assignments
 34. Input Transition Times
 35. Slow Corner Signal Integrity Metrics
 36. Fast Corner Signal Integrity Metrics
 37. Clock Transfers
 38. Report TCCS
 39. Report RSKM
 40. Unconstrained Paths
 41. TimeQuest Timing Analyzer Messages



----------------
; Legal Notice ;
----------------
Copyright (C) 1991-2012 Altera Corporation
Your use of Altera Corporation's design tools, logic functions 
and other software and tools, and its AMPP partner logic 
functions, and any output files from any of the foregoing 
(including device programming or simulation files), and any 
associated documentation or information are expressly subject 
to the terms and conditions of the Altera Program License 
Subscription Agreement, Altera MegaCore Function License 
Agreement, or other applicable license agreement, including, 
without limitation, that your use is for the sole purpose of 
programming logic devices manufactured by Altera and sold by 
Altera or its authorized distributors.  Please refer to the 
applicable agreement for further details.



+--------------------------------------------------------------------------------------+
; TimeQuest Timing Analyzer Summary                                                    ;
+--------------------+-----------------------------------------------------------------+
; Quartus II Version ; Version 12.0 Build 263 08/02/2012 Service Pack 2 SJ Web Edition ;
; Revision Name      ; MUX4X1                                                          ;
; Device Family      ; Cyclone III                                                     ;
; Device Name        ; EP3C5F256C6                                                     ;
; Timing Models      ; Final                                                           ;
; Delay Model        ; Combined                                                        ;
; Rise/Fall Delays   ; Enabled                                                         ;
+--------------------+-----------------------------------------------------------------+


----------
; Clocks ;
----------
No clocks to report.


--------------------------------------
; Slow 1200mV 85C Model Fmax Summary ;
--------------------------------------
No paths to report.


---------------------------------------
; Slow 1200mV 85C Model Setup Summary ;
---------------------------------------
No paths to report.


--------------------------------------
; Slow 1200mV 85C Model Hold Summary ;
--------------------------------------
No paths to report.


------------------------------------------
; Slow 1200mV 85C Model Recovery Summary ;
------------------------------------------
No paths to report.


-----------------------------------------
; Slow 1200mV 85C Model Removal Summary ;
-----------------------------------------
No paths to report.


-----------------------------------------------------
; Slow 1200mV 85C Model Minimum Pulse Width Summary ;
-----------------------------------------------------
No paths to report.


+------------------------------------------------------------+
; Propagation Delay                                          ;
+------------+-------------+-------+-------+--------+--------+
; Input Port ; Output Port ; RR    ; RF    ; FR     ; FF     ;
+------------+-------------+-------+-------+--------+--------+
; SEL[0]     ; outMux[0]   ; 8.276 ; 8.438 ; 8.754  ; 8.877  ;
; SEL[0]     ; outMux[1]   ; 9.273 ; 9.385 ; 9.750  ; 9.862  ;
; SEL[0]     ; outMux[2]   ; 7.145 ; 7.177 ; 7.602  ; 7.661  ;
; SEL[0]     ; outMux[3]   ; 8.623 ; 8.697 ; 9.061  ; 9.135  ;
; SEL[0]     ; outMux[4]   ; 9.484 ; 9.489 ; 9.946  ; 9.967  ;
; SEL[0]     ; outMux[5]   ; 8.166 ; 8.242 ; 8.614  ; 8.705  ;
; SEL[0]     ; outMux[6]   ; 7.673 ; 7.666 ; 8.147  ; 8.190  ;
; SEL[0]     ; outMux[7]   ; 9.177 ; 9.227 ; 9.640  ; 9.690  ;
; SEL[1]     ; outMux[0]   ; 7.804 ; 7.939 ; 8.255  ; 8.417  ;
; SEL[1]     ; outMux[1]   ; 9.102 ; 9.223 ; 9.621  ; 9.733  ;
; SEL[1]     ; outMux[2]   ; 6.991 ; 7.018 ; 7.453  ; 7.479  ;
; SEL[1]     ; outMux[3]   ; 8.121 ; 8.195 ; 8.597  ; 8.671  ;
; SEL[1]     ; outMux[4]   ; 9.313 ; 9.313 ; 9.771  ; 9.770  ;
; SEL[1]     ; outMux[5]   ; 7.734 ; 7.819 ; 8.181  ; 8.293  ;
; SEL[1]     ; outMux[6]   ; 7.365 ; 7.358 ; 7.844  ; 7.887  ;
; SEL[1]     ; outMux[7]   ; 8.725 ; 8.775 ; 9.213  ; 9.263  ;
; in0[0]     ; outMux[0]   ; 8.051 ; 8.097 ; 8.430  ; 8.592  ;
; in0[1]     ; outMux[1]   ; 9.528 ; 9.649 ; 9.994  ; 10.106 ;
; in0[2]     ; outMux[2]   ; 6.548 ; 6.491 ; 6.919  ; 6.978  ;
; in0[3]     ; outMux[3]   ; 8.155 ; 8.243 ; 8.643  ; 8.717  ;
; in0[4]     ; outMux[4]   ; 9.568 ; 9.531 ; 10.000 ; 10.021 ;
; in0[5]     ; outMux[5]   ; 8.367 ; 8.363 ; 8.793  ; 8.905  ;
; in0[6]     ; outMux[6]   ; 7.382 ; 7.309 ; 7.780  ; 7.823  ;
; in0[7]     ; outMux[7]   ; 9.320 ; 9.337 ; 9.816  ; 9.866  ;
; in1[0]     ; outMux[0]   ; 7.320 ; 7.366 ; 7.698  ; 7.860  ;
; in1[1]     ; outMux[1]   ; 8.852 ;       ;        ; 9.431  ;
; in1[2]     ; outMux[2]   ; 7.348 ; 7.291 ; 7.777  ; 7.836  ;
; in1[3]     ; outMux[3]   ; 8.033 ;       ;        ; 8.505  ;
; in1[4]     ; outMux[4]   ; 9.390 ; 9.353 ; 9.763  ; 9.784  ;
; in1[5]     ; outMux[5]   ; 5.108 ;       ;        ; 5.292  ;
; in1[6]     ; outMux[6]   ; 7.888 ; 7.815 ; 8.335  ; 8.378  ;
; in1[7]     ; outMux[7]   ; 7.509 ;       ;        ; 7.991  ;
; in2[0]     ; outMux[0]   ; 7.977 ;       ;        ; 8.593  ;
; in2[1]     ; outMux[1]   ; 9.475 ; 9.596 ; 10.012 ; 10.124 ;
; in2[2]     ; outMux[2]   ; 6.398 ;       ;        ; 6.831  ;
; in2[3]     ; outMux[3]   ; 8.071 ; 8.159 ; 8.524  ; 8.598  ;
; in2[4]     ; outMux[4]   ; 8.223 ;       ;        ; 8.643  ;
; in2[5]     ; outMux[5]   ; 5.951 ; 5.947 ; 6.030  ; 6.142  ;
; in2[6]     ; outMux[6]   ; 4.677 ;       ;        ; 4.747  ;
; in2[7]     ; outMux[7]   ; 8.703 ; 8.720 ; 9.193  ; 9.243  ;
; in3[0]     ; outMux[0]   ; 7.440 ;       ;        ; 7.971  ;
; in3[1]     ; outMux[1]   ; 9.366 ;       ;        ; 9.964  ;
; in3[2]     ; outMux[2]   ; 7.112 ;       ;        ; 7.609  ;
; in3[3]     ; outMux[3]   ; 7.829 ;       ;        ; 8.292  ;
; in3[4]     ; outMux[4]   ; 8.629 ;       ;        ; 9.091  ;
; in3[5]     ; outMux[5]   ; 5.405 ;       ;        ; 5.567  ;
; in3[6]     ; outMux[6]   ; 6.700 ;       ;        ; 7.138  ;
; in3[7]     ; outMux[7]   ; 7.086 ;       ;        ; 7.618  ;
+------------+-------------+-------+-------+--------+--------+


+----------------------------------------------------------+
; Minimum Propagation Delay                                ;
+------------+-------------+-------+-------+-------+-------+
; Input Port ; Output Port ; RR    ; RF    ; FR    ; FF    ;
+------------+-------------+-------+-------+-------+-------+
; SEL[0]     ; outMux[0]   ; 7.914 ; 8.019 ; 8.408 ; 8.483 ;
; SEL[0]     ; outMux[1]   ; 8.865 ; 8.974 ; 9.291 ; 9.464 ;
; SEL[0]     ; outMux[2]   ; 6.894 ; 6.900 ; 7.335 ; 7.341 ;
; SEL[0]     ; outMux[3]   ; 7.625 ; 7.680 ; 8.062 ; 8.147 ;
; SEL[0]     ; outMux[4]   ; 9.157 ; 9.146 ; 9.591 ; 9.604 ;
; SEL[0]     ; outMux[5]   ; 7.282 ; 7.311 ; 7.714 ; 7.775 ;
; SEL[0]     ; outMux[6]   ; 7.354 ; 7.343 ; 7.818 ; 7.807 ;
; SEL[0]     ; outMux[7]   ; 7.198 ; 7.238 ; 7.647 ; 7.660 ;
; SEL[1]     ; outMux[0]   ; 7.057 ; 7.135 ; 7.493 ; 7.603 ;
; SEL[1]     ; outMux[1]   ; 8.840 ; 8.959 ; 9.303 ; 9.416 ;
; SEL[1]     ; outMux[2]   ; 6.142 ; 6.121 ; 6.575 ; 6.586 ;
; SEL[1]     ; outMux[3]   ; 7.803 ; 7.885 ; 8.234 ; 8.346 ;
; SEL[1]     ; outMux[4]   ; 8.287 ; 8.305 ; 8.781 ; 8.724 ;
; SEL[1]     ; outMux[5]   ; 7.466 ; 7.522 ; 7.896 ; 7.952 ;
; SEL[1]     ; outMux[6]   ; 6.498 ; 6.460 ; 6.934 ; 6.928 ;
; SEL[1]     ; outMux[7]   ; 8.428 ; 8.447 ; 8.872 ; 8.891 ;
; in0[0]     ; outMux[0]   ; 7.719 ; 7.824 ; 8.138 ; 8.213 ;
; in0[1]     ; outMux[1]   ; 9.297 ; 9.416 ; 9.749 ; 9.859 ;
; in0[2]     ; outMux[2]   ; 6.324 ; 6.330 ; 6.747 ; 6.723 ;
; in0[3]     ; outMux[3]   ; 7.821 ; 7.966 ; 8.346 ; 8.331 ;
; in0[4]     ; outMux[4]   ; 9.240 ; 9.253 ; 9.707 ; 9.661 ;
; in0[5]     ; outMux[5]   ; 8.076 ; 8.132 ; 8.550 ; 8.576 ;
; in0[6]     ; outMux[6]   ; 7.124 ; 7.113 ; 7.575 ; 7.534 ;
; in0[7]     ; outMux[7]   ; 9.044 ; 9.063 ; 9.525 ; 9.572 ;
; in1[0]     ; outMux[0]   ; 7.067 ; 7.172 ; 7.495 ; 7.570 ;
; in1[1]     ; outMux[1]   ; 8.632 ;       ;       ; 9.185 ;
; in1[2]     ; outMux[2]   ; 7.053 ; 7.059 ; 7.533 ; 7.509 ;
; in1[3]     ; outMux[3]   ; 7.778 ;       ;       ; 8.235 ;
; in1[4]     ; outMux[4]   ; 9.033 ; 9.046 ; 9.443 ; 9.397 ;
; in1[5]     ; outMux[5]   ; 5.015 ;       ;       ; 5.196 ;
; in1[6]     ; outMux[6]   ; 7.609 ; 7.598 ; 8.106 ; 8.065 ;
; in1[7]     ; outMux[7]   ; 7.308 ;       ;       ; 7.775 ;
; in2[0]     ; outMux[0]   ; 7.755 ;       ;       ; 8.354 ;
; in2[1]     ; outMux[1]   ; 9.193 ; 9.312 ; 9.708 ; 9.818 ;
; in2[2]     ; outMux[2]   ; 6.242 ;       ;       ; 6.662 ;
; in2[3]     ; outMux[3]   ; 7.791 ; 7.936 ; 8.292 ; 8.277 ;
; in2[4]     ; outMux[4]   ; 7.997 ;       ;       ; 8.404 ;
; in2[5]     ; outMux[5]   ; 5.727 ; 5.783 ; 5.869 ; 5.895 ;
; in2[6]     ; outMux[6]   ; 4.597 ;       ;       ; 4.669 ;
; in2[7]     ; outMux[7]   ; 8.416 ; 8.435 ; 8.891 ; 8.938 ;
; in3[0]     ; outMux[0]   ; 7.206 ;       ;       ; 7.719 ;
; in3[1]     ; outMux[1]   ; 9.141 ;       ;       ; 9.724 ;
; in3[2]     ; outMux[2]   ; 6.887 ;       ;       ; 7.371 ;
; in3[3]     ; outMux[3]   ; 7.616 ;       ;       ; 8.067 ;
; in3[4]     ; outMux[4]   ; 8.385 ;       ;       ; 8.834 ;
; in3[5]     ; outMux[5]   ; 5.262 ;       ;       ; 5.422 ;
; in3[6]     ; outMux[6]   ; 6.496 ;       ;       ; 6.918 ;
; in3[7]     ; outMux[7]   ; 6.862 ;       ;       ; 7.380 ;
+------------+-------------+-------+-------+-------+-------+


----------------------------------------------
; Slow 1200mV 85C Model Metastability Report ;
----------------------------------------------
No synchronizer chains to report.


-------------------------------------
; Slow 1200mV 0C Model Fmax Summary ;
-------------------------------------
No paths to report.


--------------------------------------
; Slow 1200mV 0C Model Setup Summary ;
--------------------------------------
No paths to report.


-------------------------------------
; Slow 1200mV 0C Model Hold Summary ;
-------------------------------------
No paths to report.


-----------------------------------------
; Slow 1200mV 0C Model Recovery Summary ;
-----------------------------------------
No paths to report.


----------------------------------------
; Slow 1200mV 0C Model Removal Summary ;
----------------------------------------
No paths to report.


----------------------------------------------------
; Slow 1200mV 0C Model Minimum Pulse Width Summary ;
----------------------------------------------------
No paths to report.


+----------------------------------------------------------+
; Propagation Delay                                        ;
+------------+-------------+-------+-------+-------+-------+
; Input Port ; Output Port ; RR    ; RF    ; FR    ; FF    ;
+------------+-------------+-------+-------+-------+-------+
; SEL[0]     ; outMux[0]   ; 7.618 ; 7.718 ; 8.027 ; 8.086 ;
; SEL[0]     ; outMux[1]   ; 8.656 ; 8.715 ; 9.060 ; 9.114 ;
; SEL[0]     ; outMux[2]   ; 6.585 ; 6.592 ; 6.961 ; 6.999 ;
; SEL[0]     ; outMux[3]   ; 7.959 ; 7.937 ; 8.326 ; 8.304 ;
; SEL[0]     ; outMux[4]   ; 8.801 ; 8.658 ; 9.175 ; 9.063 ;
; SEL[0]     ; outMux[5]   ; 7.547 ; 7.565 ; 7.912 ; 7.950 ;
; SEL[0]     ; outMux[6]   ; 7.075 ; 7.019 ; 7.460 ; 7.458 ;
; SEL[0]     ; outMux[7]   ; 8.448 ; 8.423 ; 8.822 ; 8.797 ;
; SEL[1]     ; outMux[0]   ; 7.213 ; 7.280 ; 7.586 ; 7.681 ;
; SEL[1]     ; outMux[1]   ; 8.516 ; 8.578 ; 8.940 ; 8.994 ;
; SEL[1]     ; outMux[2]   ; 6.452 ; 6.451 ; 6.827 ; 6.835 ;
; SEL[1]     ; outMux[3]   ; 7.519 ; 7.497 ; 7.917 ; 7.895 ;
; SEL[1]     ; outMux[4]   ; 8.656 ; 8.505 ; 9.027 ; 8.885 ;
; SEL[1]     ; outMux[5]   ; 7.165 ; 7.195 ; 7.532 ; 7.593 ;
; SEL[1]     ; outMux[6]   ; 6.803 ; 6.750 ; 7.190 ; 7.188 ;
; SEL[1]     ; outMux[7]   ; 8.047 ; 8.022 ; 8.429 ; 8.424 ;
; in0[0]     ; outMux[0]   ; 7.460 ; 7.459 ; 7.743 ; 7.843 ;
; in0[1]     ; outMux[1]   ; 8.927 ; 8.989 ; 9.280 ; 9.334 ;
; in0[2]     ; outMux[2]   ; 6.064 ; 6.003 ; 6.361 ; 6.401 ;
; in0[3]     ; outMux[3]   ; 7.577 ; 7.569 ; 7.958 ; 7.936 ;
; in0[4]     ; outMux[4]   ; 8.912 ; 8.749 ; 9.241 ; 9.136 ;
; in0[5]     ; outMux[5]   ; 7.759 ; 7.721 ; 8.084 ; 8.147 ;
; in0[6]     ; outMux[6]   ; 6.843 ; 6.740 ; 7.150 ; 7.148 ;
; in0[7]     ; outMux[7]   ; 8.647 ; 8.622 ; 8.953 ; 8.959 ;
; in1[0]     ; outMux[0]   ; 6.785 ; 6.784 ; 7.093 ; 7.193 ;
; in1[1]     ; outMux[1]   ; 8.292 ;       ;       ; 8.742 ;
; in1[2]     ; outMux[2]   ; 6.793 ; 6.732 ; 7.130 ; 7.170 ;
; in1[3]     ; outMux[3]   ; 7.476 ;       ;       ; 7.759 ;
; in1[4]     ; outMux[4]   ; 8.736 ; 8.573 ; 9.009 ; 8.904 ;
; in1[5]     ; outMux[5]   ; 4.905 ;       ;       ; 5.088 ;
; in1[6]     ; outMux[6]   ; 7.310 ; 7.207 ; 7.654 ; 7.652 ;
; in1[7]     ; outMux[7]   ; 6.960 ;       ;       ; 7.306 ;
; in2[0]     ; outMux[0]   ; 7.396 ;       ;       ; 7.854 ;
; in2[1]     ; outMux[1]   ; 8.871 ; 8.933 ; 9.307 ; 9.361 ;
; in2[2]     ; outMux[2]   ; 5.933 ;       ;       ; 6.267 ;
; in2[3]     ; outMux[3]   ; 7.501 ; 7.493 ; 7.857 ; 7.835 ;
; in2[4]     ; outMux[4]   ; 7.676 ;       ;       ; 7.891 ;
; in2[5]     ; outMux[5]   ; 5.659 ; 5.621 ; 5.781 ; 5.844 ;
; in2[6]     ; outMux[6]   ; 4.485 ;       ;       ; 4.567 ;
; in2[7]     ; outMux[7]   ; 8.075 ; 8.050 ; 8.395 ; 8.401 ;
; in3[0]     ; outMux[0]   ; 6.899 ;       ;       ; 7.291 ;
; in3[1]     ; outMux[1]   ; 8.789 ;       ;       ; 9.221 ;
; in3[2]     ; outMux[2]   ; 6.578 ;       ;       ; 6.966 ;
; in3[3]     ; outMux[3]   ; 7.278 ;       ;       ; 7.561 ;
; in3[4]     ; outMux[4]   ; 8.049 ;       ;       ; 8.290 ;
; in3[5]     ; outMux[5]   ; 5.160 ;       ;       ; 5.333 ;
; in3[6]     ; outMux[6]   ; 6.207 ;       ;       ; 6.537 ;
; in3[7]     ; outMux[7]   ; 6.564 ;       ;       ; 6.975 ;
+------------+-------------+-------+-------+-------+-------+


+----------------------------------------------------------+
; Minimum Propagation Delay                                ;
+------------+-------------+-------+-------+-------+-------+
; Input Port ; Output Port ; RR    ; RF    ; FR    ; FF    ;
+------------+-------------+-------+-------+-------+-------+
; SEL[0]     ; outMux[0]   ; 7.306 ; 7.361 ; 7.716 ; 7.740 ;
; SEL[0]     ; outMux[1]   ; 8.293 ; 8.352 ; 8.646 ; 8.760 ;
; SEL[0]     ; outMux[2]   ; 6.367 ; 6.360 ; 6.735 ; 6.732 ;
; SEL[0]     ; outMux[3]   ; 7.074 ; 7.039 ; 7.445 ; 7.437 ;
; SEL[0]     ; outMux[4]   ; 8.507 ; 8.357 ; 8.875 ; 8.751 ;
; SEL[0]     ; outMux[5]   ; 6.751 ; 6.742 ; 7.117 ; 7.137 ;
; SEL[0]     ; outMux[6]   ; 6.790 ; 6.746 ; 7.177 ; 7.133 ;
; SEL[0]     ; outMux[7]   ; 6.679 ; 6.681 ; 7.042 ; 7.015 ;
; SEL[1]     ; outMux[0]   ; 6.544 ; 6.570 ; 6.909 ; 6.964 ;
; SEL[1]     ; outMux[1]   ; 8.286 ; 8.349 ; 8.665 ; 8.722 ;
; SEL[1]     ; outMux[2]   ; 5.693 ; 5.661 ; 6.055 ; 6.052 ;
; SEL[1]     ; outMux[3]   ; 7.245 ; 7.227 ; 7.604 ; 7.613 ;
; SEL[1]     ; outMux[4]   ; 7.724 ; 7.616 ; 8.131 ; 7.963 ;
; SEL[1]     ; outMux[5]   ; 6.927 ; 6.942 ; 7.286 ; 7.306 ;
; SEL[1]     ; outMux[6]   ; 6.032 ; 5.959 ; 6.394 ; 6.350 ;
; SEL[1]     ; outMux[7]   ; 7.787 ; 7.790 ; 8.188 ; 8.175 ;
; in0[0]     ; outMux[0]   ; 7.164 ; 7.219 ; 7.488 ; 7.512 ;
; in0[1]     ; outMux[1]   ; 8.723 ; 8.786 ; 9.067 ; 9.124 ;
; in0[2]     ; outMux[2]   ; 5.868 ; 5.865 ; 6.216 ; 6.182 ;
; in0[3]     ; outMux[3]   ; 7.279 ; 7.328 ; 7.695 ; 7.599 ;
; in0[4]     ; outMux[4]   ; 8.616 ; 8.504 ; 8.984 ; 8.823 ;
; in0[5]     ; outMux[5]   ; 7.498 ; 7.518 ; 7.872 ; 7.861 ;
; in0[6]     ; outMux[6]   ; 6.614 ; 6.570 ; 6.975 ; 6.900 ;
; in0[7]     ; outMux[7]   ; 8.401 ; 8.378 ; 8.704 ; 8.707 ;
; in1[0]     ; outMux[0]   ; 6.561 ; 6.616 ; 6.918 ; 6.942 ;
; in1[1]     ; outMux[1]   ; 8.102 ;       ;       ; 8.531 ;
; in1[2]     ; outMux[2]   ; 6.534 ; 6.531 ; 6.919 ; 6.885 ;
; in1[3]     ; outMux[3]   ; 7.250 ;       ;       ; 7.525 ;
; in1[4]     ; outMux[4]   ; 8.414 ; 8.302 ; 8.727 ; 8.566 ;
; in1[5]     ; outMux[5]   ; 4.818 ;       ;       ; 5.001 ;
; in1[6]     ; outMux[6]   ; 7.062 ; 7.018 ; 7.456 ; 7.381 ;
; in1[7]     ; outMux[7]   ; 6.784 ;       ;       ; 7.121 ;
; in2[0]     ; outMux[0]   ; 7.202 ;       ;       ; 7.648 ;
; in2[1]     ; outMux[1]   ; 8.626 ; 8.689 ; 9.039 ; 9.096 ;
; in2[2]     ; outMux[2]   ; 5.798 ;       ;       ; 6.123 ;
; in2[3]     ; outMux[3]   ; 7.250 ; 7.299 ; 7.654 ; 7.558 ;
; in2[4]     ; outMux[4]   ; 7.474 ;       ;       ; 7.686 ;
; in2[5]     ; outMux[5]   ; 5.455 ; 5.475 ; 5.633 ; 5.622 ;
; in2[6]     ; outMux[6]   ; 4.412 ;       ;       ; 4.497 ;
; in2[7]     ; outMux[7]   ; 7.820 ; 7.797 ; 8.132 ; 8.135 ;
; in3[0]     ; outMux[0]   ; 6.696 ;       ;       ; 7.072 ;
; in3[1]     ; outMux[1]   ; 8.590 ;       ;       ; 9.014 ;
; in3[2]     ; outMux[2]   ; 6.384 ;       ;       ; 6.757 ;
; in3[3]     ; outMux[3]   ; 7.091 ;       ;       ; 7.369 ;
; in3[4]     ; outMux[4]   ; 7.830 ;       ;       ; 8.067 ;
; in3[5]     ; outMux[5]   ; 5.032 ;       ;       ; 5.200 ;
; in3[6]     ; outMux[6]   ; 6.031 ;       ;       ; 6.347 ;
; in3[7]     ; outMux[7]   ; 6.370 ;       ;       ; 6.770 ;
+------------+-------------+-------+-------+-------+-------+


---------------------------------------------
; Slow 1200mV 0C Model Metastability Report ;
---------------------------------------------
No synchronizer chains to report.


--------------------------------------
; Fast 1200mV 0C Model Setup Summary ;
--------------------------------------
No paths to report.


-------------------------------------
; Fast 1200mV 0C Model Hold Summary ;
-------------------------------------
No paths to report.


-----------------------------------------
; Fast 1200mV 0C Model Recovery Summary ;
-----------------------------------------
No paths to report.


----------------------------------------
; Fast 1200mV 0C Model Removal Summary ;
----------------------------------------
No paths to report.


----------------------------------------------------
; Fast 1200mV 0C Model Minimum Pulse Width Summary ;
----------------------------------------------------
No paths to report.


+----------------------------------------------------------+
; Propagation Delay                                        ;
+------------+-------------+-------+-------+-------+-------+
; Input Port ; Output Port ; RR    ; RF    ; FR    ; FF    ;
+------------+-------------+-------+-------+-------+-------+
; SEL[0]     ; outMux[0]   ; 4.862 ; 5.069 ; 5.475 ; 5.665 ;
; SEL[0]     ; outMux[1]   ; 5.572 ; 5.759 ; 6.187 ; 6.374 ;
; SEL[0]     ; outMux[2]   ; 4.179 ; 4.253 ; 4.791 ; 4.867 ;
; SEL[0]     ; outMux[3]   ; 5.002 ; 5.176 ; 5.598 ; 5.772 ;
; SEL[0]     ; outMux[4]   ; 5.520 ; 5.706 ; 6.136 ; 6.322 ;
; SEL[0]     ; outMux[5]   ; 4.756 ; 4.929 ; 5.360 ; 5.539 ;
; SEL[0]     ; outMux[6]   ; 4.460 ; 4.532 ; 5.087 ; 5.180 ;
; SEL[0]     ; outMux[7]   ; 5.413 ; 5.516 ; 6.027 ; 6.130 ;
; SEL[1]     ; outMux[0]   ; 4.589 ; 4.794 ; 5.176 ; 5.383 ;
; SEL[1]     ; outMux[1]   ; 5.474 ; 5.668 ; 6.089 ; 6.276 ;
; SEL[1]     ; outMux[2]   ; 4.100 ; 4.168 ; 4.688 ; 4.752 ;
; SEL[1]     ; outMux[3]   ; 4.719 ; 4.893 ; 5.309 ; 5.483 ;
; SEL[1]     ; outMux[4]   ; 5.421 ; 5.607 ; 6.006 ; 6.192 ;
; SEL[1]     ; outMux[5]   ; 4.518 ; 4.699 ; 5.100 ; 5.284 ;
; SEL[1]     ; outMux[6]   ; 4.295 ; 4.367 ; 4.898 ; 4.991 ;
; SEL[1]     ; outMux[7]   ; 5.169 ; 5.272 ; 5.761 ; 5.864 ;
; in0[0]     ; outMux[0]   ; 4.705 ; 4.845 ; 5.269 ; 5.476 ;
; in0[1]     ; outMux[1]   ; 5.699 ; 5.893 ; 6.335 ; 6.522 ;
; in0[2]     ; outMux[2]   ; 3.819 ; 3.828 ; 4.364 ; 4.440 ;
; in0[3]     ; outMux[3]   ; 4.725 ; 4.912 ; 5.326 ; 5.500 ;
; in0[4]     ; outMux[4]   ; 5.551 ; 5.710 ; 6.190 ; 6.376 ;
; in0[5]     ; outMux[5]   ; 4.895 ; 5.012 ; 5.507 ; 5.691 ;
; in0[6]     ; outMux[6]   ; 4.287 ; 4.313 ; 4.885 ; 4.978 ;
; in0[7]     ; outMux[7]   ; 5.396 ; 5.480 ; 6.140 ; 6.243 ;
; in1[0]     ; outMux[0]   ; 4.300 ; 4.440 ; 4.835 ; 5.042 ;
; in1[1]     ; outMux[1]   ; 5.334 ;       ;       ; 6.130 ;
; in1[2]     ; outMux[2]   ; 4.280 ; 4.289 ; 4.900 ; 4.976 ;
; in1[3]     ; outMux[3]   ; 4.659 ;       ;       ; 5.422 ;
; in1[4]     ; outMux[4]   ; 5.411 ; 5.570 ; 6.005 ; 6.191 ;
; in1[5]     ; outMux[5]   ; 3.056 ;       ;       ; 3.518 ;
; in1[6]     ; outMux[6]   ; 4.577 ; 4.603 ; 5.195 ; 5.288 ;
; in1[7]     ; outMux[7]   ; 4.369 ;       ;       ; 5.096 ;
; in2[0]     ; outMux[0]   ; 4.728 ;       ;       ; 5.577 ;
; in2[1]     ; outMux[1]   ; 5.668 ; 5.862 ; 6.336 ; 6.523 ;
; in2[2]     ; outMux[2]   ; 3.776 ;       ;       ; 4.391 ;
; in2[3]     ; outMux[3]   ; 4.668 ; 4.855 ; 5.273 ; 5.447 ;
; in2[4]     ; outMux[4]   ; 4.811 ;       ;       ; 5.541 ;
; in2[5]     ; outMux[5]   ; 3.512 ; 3.629 ; 3.820 ; 4.004 ;
; in2[6]     ; outMux[6]   ; 2.781 ;       ;       ; 3.165 ;
; in2[7]     ; outMux[7]   ; 5.058 ; 5.142 ; 5.736 ; 5.839 ;
; in3[0]     ; outMux[0]   ; 4.381 ;       ;       ; 5.135 ;
; in3[1]     ; outMux[1]   ; 5.624 ;       ;       ; 6.446 ;
; in3[2]     ; outMux[2]   ; 4.153 ;       ;       ; 4.868 ;
; in3[3]     ; outMux[3]   ; 4.545 ;       ;       ; 5.315 ;
; in3[4]     ; outMux[4]   ; 5.051 ;       ;       ; 5.812 ;
; in3[5]     ; outMux[5]   ; 3.215 ;       ;       ; 3.696 ;
; in3[6]     ; outMux[6]   ; 3.920 ;       ;       ; 4.559 ;
; in3[7]     ; outMux[7]   ; 4.150 ;       ;       ; 4.878 ;
+------------+-------------+-------+-------+-------+-------+


+----------------------------------------------------------+
; Minimum Propagation Delay                                ;
+------------+-------------+-------+-------+-------+-------+
; Input Port ; Output Port ; RR    ; RF    ; FR    ; FF    ;
+------------+-------------+-------+-------+-------+-------+
; SEL[0]     ; outMux[0]   ; 4.644 ; 4.813 ; 5.281 ; 5.433 ;
; SEL[0]     ; outMux[1]   ; 5.344 ; 5.520 ; 5.931 ; 6.145 ;
; SEL[0]     ; outMux[2]   ; 4.036 ; 4.080 ; 4.624 ; 4.668 ;
; SEL[0]     ; outMux[3]   ; 4.435 ; 4.602 ; 5.026 ; 5.212 ;
; SEL[0]     ; outMux[4]   ; 5.309 ; 5.491 ; 5.898 ; 6.080 ;
; SEL[0]     ; outMux[5]   ; 4.271 ; 4.406 ; 4.861 ; 5.016 ;
; SEL[0]     ; outMux[6]   ; 4.278 ; 4.338 ; 4.891 ; 4.951 ;
; SEL[0]     ; outMux[7]   ; 4.187 ; 4.279 ; 4.823 ; 4.898 ;
; SEL[1]     ; outMux[0]   ; 4.172 ; 4.328 ; 4.731 ; 4.907 ;
; SEL[1]     ; outMux[1]   ; 5.323 ; 5.513 ; 5.900 ; 6.090 ;
; SEL[1]     ; outMux[2]   ; 3.626 ; 3.657 ; 4.191 ; 4.242 ;
; SEL[1]     ; outMux[3]   ; 4.522 ; 4.712 ; 5.086 ; 5.295 ;
; SEL[1]     ; outMux[4]   ; 4.854 ; 5.037 ; 5.456 ; 5.594 ;
; SEL[1]     ; outMux[5]   ; 4.365 ; 4.513 ; 4.924 ; 5.072 ;
; SEL[1]     ; outMux[6]   ; 3.816 ; 3.863 ; 4.379 ; 4.446 ;
; SEL[1]     ; outMux[7]   ; 4.904 ; 4.986 ; 5.470 ; 5.552 ;
; in0[0]     ; outMux[0]   ; 4.514 ; 4.683 ; 5.102 ; 5.254 ;
; in0[1]     ; outMux[1]   ; 5.565 ; 5.755 ; 6.194 ; 6.377 ;
; in0[2]     ; outMux[2]   ; 3.690 ; 3.734 ; 4.264 ; 4.291 ;
; in0[3]     ; outMux[3]   ; 4.534 ; 4.749 ; 5.158 ; 5.279 ;
; in0[4]     ; outMux[4]   ; 5.361 ; 5.543 ; 6.021 ; 6.166 ;
; in0[5]     ; outMux[5]   ; 4.726 ; 4.874 ; 5.364 ; 5.495 ;
; in0[6]     ; outMux[6]   ; 4.143 ; 4.203 ; 4.767 ; 4.810 ;
; in0[7]     ; outMux[7]   ; 5.238 ; 5.320 ; 5.970 ; 6.071 ;
; in1[0]     ; outMux[0]   ; 4.153 ; 4.322 ; 4.718 ; 4.870 ;
; in1[1]     ; outMux[1]   ; 5.210 ;       ;       ; 5.987 ;
; in1[2]     ; outMux[2]   ; 4.115 ; 4.159 ; 4.758 ; 4.785 ;
; in1[3]     ; outMux[3]   ; 4.512 ;       ;       ; 5.263 ;
; in1[4]     ; outMux[4]   ; 5.206 ; 5.388 ; 5.823 ; 5.968 ;
; in1[5]     ; outMux[5]   ; 3.001 ;       ;       ; 3.461 ;
; in1[6]     ; outMux[6]   ; 4.418 ; 4.478 ; 5.062 ; 5.105 ;
; in1[7]     ; outMux[7]   ; 4.252 ;       ;       ; 4.969 ;
; in2[0]     ; outMux[0]   ; 4.600 ;       ;       ; 5.430 ;
; in2[1]     ; outMux[1]   ; 5.509 ; 5.699 ; 6.165 ; 6.348 ;
; in2[2]     ; outMux[2]   ; 3.683 ;       ;       ; 4.291 ;
; in2[3]     ; outMux[3]   ; 4.507 ; 4.722 ; 5.140 ; 5.261 ;
; in2[4]     ; outMux[4]   ; 4.679 ;       ;       ; 5.398 ;
; in2[5]     ; outMux[5]   ; 3.386 ; 3.534 ; 3.729 ; 3.860 ;
; in2[6]     ; outMux[6]   ; 2.734 ;       ;       ; 3.119 ;
; in2[7]     ; outMux[7]   ; 4.894 ; 4.976 ; 5.561 ; 5.662 ;
; in3[0]     ; outMux[0]   ; 4.245 ;       ;       ; 4.987 ;
; in3[1]     ; outMux[1]   ; 5.494 ;       ;       ; 6.304 ;
; in3[2]     ; outMux[2]   ; 4.026 ;       ;       ; 4.730 ;
; in3[3]     ; outMux[3]   ; 4.426 ;       ;       ; 5.183 ;
; in3[4]     ; outMux[4]   ; 4.909 ;       ;       ; 5.658 ;
; in3[5]     ; outMux[5]   ; 3.133 ;       ;       ; 3.612 ;
; in3[6]     ; outMux[6]   ; 3.802 ;       ;       ; 4.434 ;
; in3[7]     ; outMux[7]   ; 4.024 ;       ;       ; 4.741 ;
+------------+-------------+-------+-------+-------+-------+


---------------------------------------------
; Fast 1200mV 0C Model Metastability Report ;
---------------------------------------------
No synchronizer chains to report.


+----------------------------------------------------------------------------+
; Multicorner Timing Analysis Summary                                        ;
+------------------+-------+------+----------+---------+---------------------+
; Clock            ; Setup ; Hold ; Recovery ; Removal ; Minimum Pulse Width ;
+------------------+-------+------+----------+---------+---------------------+
; Worst-case Slack ; N/A   ; N/A  ; N/A      ; N/A     ; N/A                 ;
; Design-wide TNS  ; 0.0   ; 0.0  ; 0.0      ; 0.0     ; 0.0                 ;
+------------------+-------+------+----------+---------+---------------------+


+------------------------------------------------------------+
; Progagation Delay                                          ;
+------------+-------------+-------+-------+--------+--------+
; Input Port ; Output Port ; RR    ; RF    ; FR     ; FF     ;
+------------+-------------+-------+-------+--------+--------+
; SEL[0]     ; outMux[0]   ; 8.276 ; 8.438 ; 8.754  ; 8.877  ;
; SEL[0]     ; outMux[1]   ; 9.273 ; 9.385 ; 9.750  ; 9.862  ;
; SEL[0]     ; outMux[2]   ; 7.145 ; 7.177 ; 7.602  ; 7.661  ;
; SEL[0]     ; outMux[3]   ; 8.623 ; 8.697 ; 9.061  ; 9.135  ;
; SEL[0]     ; outMux[4]   ; 9.484 ; 9.489 ; 9.946  ; 9.967  ;
; SEL[0]     ; outMux[5]   ; 8.166 ; 8.242 ; 8.614  ; 8.705  ;
; SEL[0]     ; outMux[6]   ; 7.673 ; 7.666 ; 8.147  ; 8.190  ;
; SEL[0]     ; outMux[7]   ; 9.177 ; 9.227 ; 9.640  ; 9.690  ;
; SEL[1]     ; outMux[0]   ; 7.804 ; 7.939 ; 8.255  ; 8.417  ;
; SEL[1]     ; outMux[1]   ; 9.102 ; 9.223 ; 9.621  ; 9.733  ;
; SEL[1]     ; outMux[2]   ; 6.991 ; 7.018 ; 7.453  ; 7.479  ;
; SEL[1]     ; outMux[3]   ; 8.121 ; 8.195 ; 8.597  ; 8.671  ;
; SEL[1]     ; outMux[4]   ; 9.313 ; 9.313 ; 9.771  ; 9.770  ;
; SEL[1]     ; outMux[5]   ; 7.734 ; 7.819 ; 8.181  ; 8.293  ;
; SEL[1]     ; outMux[6]   ; 7.365 ; 7.358 ; 7.844  ; 7.887  ;
; SEL[1]     ; outMux[7]   ; 8.725 ; 8.775 ; 9.213  ; 9.263  ;
; in0[0]     ; outMux[0]   ; 8.051 ; 8.097 ; 8.430  ; 8.592  ;
; in0[1]     ; outMux[1]   ; 9.528 ; 9.649 ; 9.994  ; 10.106 ;
; in0[2]     ; outMux[2]   ; 6.548 ; 6.491 ; 6.919  ; 6.978  ;
; in0[3]     ; outMux[3]   ; 8.155 ; 8.243 ; 8.643  ; 8.717  ;
; in0[4]     ; outMux[4]   ; 9.568 ; 9.531 ; 10.000 ; 10.021 ;
; in0[5]     ; outMux[5]   ; 8.367 ; 8.363 ; 8.793  ; 8.905  ;
; in0[6]     ; outMux[6]   ; 7.382 ; 7.309 ; 7.780  ; 7.823  ;
; in0[7]     ; outMux[7]   ; 9.320 ; 9.337 ; 9.816  ; 9.866  ;
; in1[0]     ; outMux[0]   ; 7.320 ; 7.366 ; 7.698  ; 7.860  ;
; in1[1]     ; outMux[1]   ; 8.852 ;       ;        ; 9.431  ;
; in1[2]     ; outMux[2]   ; 7.348 ; 7.291 ; 7.777  ; 7.836  ;
; in1[3]     ; outMux[3]   ; 8.033 ;       ;        ; 8.505  ;
; in1[4]     ; outMux[4]   ; 9.390 ; 9.353 ; 9.763  ; 9.784  ;
; in1[5]     ; outMux[5]   ; 5.108 ;       ;        ; 5.292  ;
; in1[6]     ; outMux[6]   ; 7.888 ; 7.815 ; 8.335  ; 8.378  ;
; in1[7]     ; outMux[7]   ; 7.509 ;       ;        ; 7.991  ;
; in2[0]     ; outMux[0]   ; 7.977 ;       ;        ; 8.593  ;
; in2[1]     ; outMux[1]   ; 9.475 ; 9.596 ; 10.012 ; 10.124 ;
; in2[2]     ; outMux[2]   ; 6.398 ;       ;        ; 6.831  ;
; in2[3]     ; outMux[3]   ; 8.071 ; 8.159 ; 8.524  ; 8.598  ;
; in2[4]     ; outMux[4]   ; 8.223 ;       ;        ; 8.643  ;
; in2[5]     ; outMux[5]   ; 5.951 ; 5.947 ; 6.030  ; 6.142  ;
; in2[6]     ; outMux[6]   ; 4.677 ;       ;        ; 4.747  ;
; in2[7]     ; outMux[7]   ; 8.703 ; 8.720 ; 9.193  ; 9.243  ;
; in3[0]     ; outMux[0]   ; 7.440 ;       ;        ; 7.971  ;
; in3[1]     ; outMux[1]   ; 9.366 ;       ;        ; 9.964  ;
; in3[2]     ; outMux[2]   ; 7.112 ;       ;        ; 7.609  ;
; in3[3]     ; outMux[3]   ; 7.829 ;       ;        ; 8.292  ;
; in3[4]     ; outMux[4]   ; 8.629 ;       ;        ; 9.091  ;
; in3[5]     ; outMux[5]   ; 5.405 ;       ;        ; 5.567  ;
; in3[6]     ; outMux[6]   ; 6.700 ;       ;        ; 7.138  ;
; in3[7]     ; outMux[7]   ; 7.086 ;       ;        ; 7.618  ;
+------------+-------------+-------+-------+--------+--------+


+----------------------------------------------------------+
; Minimum Progagation Delay                                ;
+------------+-------------+-------+-------+-------+-------+
; Input Port ; Output Port ; RR    ; RF    ; FR    ; FF    ;
+------------+-------------+-------+-------+-------+-------+
; SEL[0]     ; outMux[0]   ; 4.644 ; 4.813 ; 5.281 ; 5.433 ;
; SEL[0]     ; outMux[1]   ; 5.344 ; 5.520 ; 5.931 ; 6.145 ;
; SEL[0]     ; outMux[2]   ; 4.036 ; 4.080 ; 4.624 ; 4.668 ;
; SEL[0]     ; outMux[3]   ; 4.435 ; 4.602 ; 5.026 ; 5.212 ;
; SEL[0]     ; outMux[4]   ; 5.309 ; 5.491 ; 5.898 ; 6.080 ;
; SEL[0]     ; outMux[5]   ; 4.271 ; 4.406 ; 4.861 ; 5.016 ;
; SEL[0]     ; outMux[6]   ; 4.278 ; 4.338 ; 4.891 ; 4.951 ;
; SEL[0]     ; outMux[7]   ; 4.187 ; 4.279 ; 4.823 ; 4.898 ;
; SEL[1]     ; outMux[0]   ; 4.172 ; 4.328 ; 4.731 ; 4.907 ;
; SEL[1]     ; outMux[1]   ; 5.323 ; 5.513 ; 5.900 ; 6.090 ;
; SEL[1]     ; outMux[2]   ; 3.626 ; 3.657 ; 4.191 ; 4.242 ;
; SEL[1]     ; outMux[3]   ; 4.522 ; 4.712 ; 5.086 ; 5.295 ;
; SEL[1]     ; outMux[4]   ; 4.854 ; 5.037 ; 5.456 ; 5.594 ;
; SEL[1]     ; outMux[5]   ; 4.365 ; 4.513 ; 4.924 ; 5.072 ;
; SEL[1]     ; outMux[6]   ; 3.816 ; 3.863 ; 4.379 ; 4.446 ;
; SEL[1]     ; outMux[7]   ; 4.904 ; 4.986 ; 5.470 ; 5.552 ;
; in0[0]     ; outMux[0]   ; 4.514 ; 4.683 ; 5.102 ; 5.254 ;
; in0[1]     ; outMux[1]   ; 5.565 ; 5.755 ; 6.194 ; 6.377 ;
; in0[2]     ; outMux[2]   ; 3.690 ; 3.734 ; 4.264 ; 4.291 ;
; in0[3]     ; outMux[3]   ; 4.534 ; 4.749 ; 5.158 ; 5.279 ;
; in0[4]     ; outMux[4]   ; 5.361 ; 5.543 ; 6.021 ; 6.166 ;
; in0[5]     ; outMux[5]   ; 4.726 ; 4.874 ; 5.364 ; 5.495 ;
; in0[6]     ; outMux[6]   ; 4.143 ; 4.203 ; 4.767 ; 4.810 ;
; in0[7]     ; outMux[7]   ; 5.238 ; 5.320 ; 5.970 ; 6.071 ;
; in1[0]     ; outMux[0]   ; 4.153 ; 4.322 ; 4.718 ; 4.870 ;
; in1[1]     ; outMux[1]   ; 5.210 ;       ;       ; 5.987 ;
; in1[2]     ; outMux[2]   ; 4.115 ; 4.159 ; 4.758 ; 4.785 ;
; in1[3]     ; outMux[3]   ; 4.512 ;       ;       ; 5.263 ;
; in1[4]     ; outMux[4]   ; 5.206 ; 5.388 ; 5.823 ; 5.968 ;
; in1[5]     ; outMux[5]   ; 3.001 ;       ;       ; 3.461 ;
; in1[6]     ; outMux[6]   ; 4.418 ; 4.478 ; 5.062 ; 5.105 ;
; in1[7]     ; outMux[7]   ; 4.252 ;       ;       ; 4.969 ;
; in2[0]     ; outMux[0]   ; 4.600 ;       ;       ; 5.430 ;
; in2[1]     ; outMux[1]   ; 5.509 ; 5.699 ; 6.165 ; 6.348 ;
; in2[2]     ; outMux[2]   ; 3.683 ;       ;       ; 4.291 ;
; in2[3]     ; outMux[3]   ; 4.507 ; 4.722 ; 5.140 ; 5.261 ;
; in2[4]     ; outMux[4]   ; 4.679 ;       ;       ; 5.398 ;
; in2[5]     ; outMux[5]   ; 3.386 ; 3.534 ; 3.729 ; 3.860 ;
; in2[6]     ; outMux[6]   ; 2.734 ;       ;       ; 3.119 ;
; in2[7]     ; outMux[7]   ; 4.894 ; 4.976 ; 5.561 ; 5.662 ;
; in3[0]     ; outMux[0]   ; 4.245 ;       ;       ; 4.987 ;
; in3[1]     ; outMux[1]   ; 5.494 ;       ;       ; 6.304 ;
; in3[2]     ; outMux[2]   ; 4.026 ;       ;       ; 4.730 ;
; in3[3]     ; outMux[3]   ; 4.426 ;       ;       ; 5.183 ;
; in3[4]     ; outMux[4]   ; 4.909 ;       ;       ; 5.658 ;
; in3[5]     ; outMux[5]   ; 3.133 ;       ;       ; 3.612 ;
; in3[6]     ; outMux[6]   ; 3.802 ;       ;       ; 4.434 ;
; in3[7]     ; outMux[7]   ; 4.024 ;       ;       ; 4.741 ;
+------------+-------------+-------+-------+-------+-------+


+------------------------------------------------------------------------------------------------------------------------------------------------------------------------------------------------------------------------------------------------------------------------------------------------------------------------------------------------------------------------------------------------------------------+
; Board Trace Model Assignments                                                                                                                                                                                                                                                                                                                                                                                    ;
+---------------+--------------+-------------------+-------------------------+-------------------------+---------------+---------------------+----------------+------------------+--------+------------------+------------------------+------------------------+--------------+---------------+-----------------+-------+---------------------+--------------------+---------------+-----------------+-------------+
; Pin           ; I/O Standard ; Near Tline Length ; Near Tline L per Length ; Near Tline C per Length ; Near Series R ; Near Differential R ; Near Pull-up R ; Near Pull-down R ; Near C ; Far Tline Length ; Far Tline L per Length ; Far Tline C per Length ; Far Series R ; Far Pull-up R ; Far Pull-down R ; Far C ; Termination Voltage ; Far Differential R ; EBD File Name ; EBD Signal Name ; EBD Far-end ;
+---------------+--------------+-------------------+-------------------------+-------------------------+---------------+---------------------+----------------+------------------+--------+------------------+------------------------+------------------------+--------------+---------------+-----------------+-------+---------------------+--------------------+---------------+-----------------+-------------+
; outMux[0]     ; 2.5 V        ; 0 in              ; 0 H/in                  ; 0 F/in                  ; short         ; -                   ; open           ; open             ; open   ; 0 in             ; 0 H/in                 ; 0 F/in                 ; short        ; open          ; open            ; open  ; 0 V                 ; -                  ; n/a           ; n/a             ; n/a         ;
; outMux[1]     ; 2.5 V        ; 0 in              ; 0 H/in                  ; 0 F/in                  ; short         ; -                   ; open           ; open             ; open   ; 0 in             ; 0 H/in                 ; 0 F/in                 ; short        ; open          ; open            ; open  ; 0 V                 ; -                  ; n/a           ; n/a             ; n/a         ;
; outMux[2]     ; 2.5 V        ; 0 in              ; 0 H/in                  ; 0 F/in                  ; short         ; -                   ; open           ; open             ; open   ; 0 in             ; 0 H/in                 ; 0 F/in                 ; short        ; open          ; open            ; open  ; 0 V                 ; -                  ; n/a           ; n/a             ; n/a         ;
; outMux[3]     ; 2.5 V        ; 0 in              ; 0 H/in                  ; 0 F/in                  ; short         ; -                   ; open           ; open             ; open   ; 0 in             ; 0 H/in                 ; 0 F/in                 ; short        ; open          ; open            ; open  ; 0 V                 ; -                  ; n/a           ; n/a             ; n/a         ;
; outMux[4]     ; 2.5 V        ; 0 in              ; 0 H/in                  ; 0 F/in                  ; short         ; -                   ; open           ; open             ; open   ; 0 in             ; 0 H/in                 ; 0 F/in                 ; short        ; open          ; open            ; open  ; 0 V                 ; -                  ; n/a           ; n/a             ; n/a         ;
; outMux[5]     ; 2.5 V        ; 0 in              ; 0 H/in                  ; 0 F/in                  ; short         ; -                   ; open           ; open             ; open   ; 0 in             ; 0 H/in                 ; 0 F/in                 ; short        ; open          ; open            ; open  ; 0 V                 ; -                  ; n/a           ; n/a             ; n/a         ;
; outMux[6]     ; 2.5 V        ; 0 in              ; 0 H/in                  ; 0 F/in                  ; short         ; -                   ; open           ; open             ; open   ; 0 in             ; 0 H/in                 ; 0 F/in                 ; short        ; open          ; open            ; open  ; 0 V                 ; -                  ; n/a           ; n/a             ; n/a         ;
; outMux[7]     ; 2.5 V        ; 0 in              ; 0 H/in                  ; 0 F/in                  ; short         ; -                   ; open           ; open             ; open   ; 0 in             ; 0 H/in                 ; 0 F/in                 ; short        ; open          ; open            ; open  ; 0 V                 ; -                  ; n/a           ; n/a             ; n/a         ;
; ~ALTERA_DCLK~ ; 2.5 V        ; 0 in              ; 0 H/in                  ; 0 F/in                  ; short         ; -                   ; open           ; open             ; open   ; 0 in             ; 0 H/in                 ; 0 F/in                 ; short        ; open          ; open            ; open  ; 0 V                 ; -                  ; n/a           ; n/a             ; n/a         ;
; ~ALTERA_nCEO~ ; 2.5 V        ; 0 in              ; 0 H/in                  ; 0 F/in                  ; short         ; -                   ; open           ; open             ; open   ; 0 in             ; 0 H/in                 ; 0 F/in                 ; short        ; open          ; open            ; open  ; 0 V                 ; -                  ; n/a           ; n/a             ; n/a         ;
+---------------+--------------+-------------------+-------------------------+-------------------------+---------------+---------------------+----------------+------------------+--------+------------------+------------------------+------------------------+--------------+---------------+-----------------+-------+---------------------+--------------------+---------------+-----------------+-------------+


+----------------------------------------------------------------------------+
; Input Transition Times                                                     ;
+-------------------------+--------------+-----------------+-----------------+
; Pin                     ; I/O Standard ; 10-90 Rise Time ; 90-10 Fall Time ;
+-------------------------+--------------+-----------------+-----------------+
; in2[0]                  ; 2.5 V        ; 2000 ps         ; 2000 ps         ;
; SEL[1]                  ; 2.5 V        ; 2000 ps         ; 2000 ps         ;
; in1[0]                  ; 2.5 V        ; 2000 ps         ; 2000 ps         ;
; SEL[0]                  ; 2.5 V        ; 2000 ps         ; 2000 ps         ;
; in0[0]                  ; 2.5 V        ; 2000 ps         ; 2000 ps         ;
; in3[0]                  ; 2.5 V        ; 2000 ps         ; 2000 ps         ;
; in1[1]                  ; 2.5 V        ; 2000 ps         ; 2000 ps         ;
; in2[1]                  ; 2.5 V        ; 2000 ps         ; 2000 ps         ;
; in0[1]                  ; 2.5 V        ; 2000 ps         ; 2000 ps         ;
; in3[1]                  ; 2.5 V        ; 2000 ps         ; 2000 ps         ;
; in2[2]                  ; 2.5 V        ; 2000 ps         ; 2000 ps         ;
; in1[2]                  ; 2.5 V        ; 2000 ps         ; 2000 ps         ;
; in0[2]                  ; 2.5 V        ; 2000 ps         ; 2000 ps         ;
; in3[2]                  ; 2.5 V        ; 2000 ps         ; 2000 ps         ;
; in1[3]                  ; 2.5 V        ; 2000 ps         ; 2000 ps         ;
; in2[3]                  ; 2.5 V        ; 2000 ps         ; 2000 ps         ;
; in0[3]                  ; 2.5 V        ; 2000 ps         ; 2000 ps         ;
; in3[3]                  ; 2.5 V        ; 2000 ps         ; 2000 ps         ;
; in2[4]                  ; 2.5 V        ; 2000 ps         ; 2000 ps         ;
; in1[4]                  ; 2.5 V        ; 2000 ps         ; 2000 ps         ;
; in0[4]                  ; 2.5 V        ; 2000 ps         ; 2000 ps         ;
; in3[4]                  ; 2.5 V        ; 2000 ps         ; 2000 ps         ;
; in1[5]                  ; 2.5 V        ; 2000 ps         ; 2000 ps         ;
; in2[5]                  ; 2.5 V        ; 2000 ps         ; 2000 ps         ;
; in0[5]                  ; 2.5 V        ; 2000 ps         ; 2000 ps         ;
; in3[5]                  ; 2.5 V        ; 2000 ps         ; 2000 ps         ;
; in2[6]                  ; 2.5 V        ; 2000 ps         ; 2000 ps         ;
; in1[6]                  ; 2.5 V        ; 2000 ps         ; 2000 ps         ;
; in0[6]                  ; 2.5 V        ; 2000 ps         ; 2000 ps         ;
; in3[6]                  ; 2.5 V        ; 2000 ps         ; 2000 ps         ;
; in1[7]                  ; 2.5 V        ; 2000 ps         ; 2000 ps         ;
; in2[7]                  ; 2.5 V        ; 2000 ps         ; 2000 ps         ;
; in0[7]                  ; 2.5 V        ; 2000 ps         ; 2000 ps         ;
; in3[7]                  ; 2.5 V        ; 2000 ps         ; 2000 ps         ;
; ~ALTERA_ASDO_DATA1~     ; 2.5 V        ; 2000 ps         ; 2000 ps         ;
; ~ALTERA_FLASH_nCE_nCSO~ ; 2.5 V        ; 2000 ps         ; 2000 ps         ;
; ~ALTERA_DATA0~          ; 2.5 V        ; 2000 ps         ; 2000 ps         ;
+-------------------------+--------------+-----------------+-----------------+


+--------------------------------------------------------------------------------------------------------------------------------------------------------------------------------------------------------------------------------------------------------------------------------------------------------------------------------------------------------------------------------------------------------------------------------------------------------------------------------------------------------------------------------------------------------------------------------------------------------------------------------------------------------------------------------------------+
; Slow Corner Signal Integrity Metrics                                                                                                                                                                                                                                                                                                                                                                                                                                                                                                                                                                                                                                                       ;
+---------------+--------------+---------------------+---------------------+------------------------------+------------------------------+---------------------+---------------------+--------------------------------------+--------------------------------------+-----------------------------+-----------------------------+----------------------------+----------------------------+-----------------------------+-----------------------------+--------------------+--------------------+-------------------------------------+-------------------------------------+----------------------------+----------------------------+---------------------------+---------------------------+
; Pin           ; I/O Standard ; Board Delay on Rise ; Board Delay on Fall ; Steady State Voh at FPGA Pin ; Steady State Vol at FPGA Pin ; Voh Max at FPGA Pin ; Vol Min at FPGA Pin ; Ringback Voltage on Rise at FPGA Pin ; Ringback Voltage on Fall at FPGA Pin ; 10-90 Rise Time at FPGA Pin ; 90-10 Fall Time at FPGA Pin ; Monotonic Rise at FPGA Pin ; Monotonic Fall at FPGA Pin ; Steady State Voh at Far-end ; Steady State Vol at Far-end ; Voh Max at Far-end ; Vol Min at Far-end ; Ringback Voltage on Rise at Far-end ; Ringback Voltage on Fall at Far-end ; 10-90 Rise Time at Far-end ; 90-10 Fall Time at Far-end ; Monotonic Rise at Far-end ; Monotonic Fall at Far-end ;
+---------------+--------------+---------------------+---------------------+------------------------------+------------------------------+---------------------+---------------------+--------------------------------------+--------------------------------------+-----------------------------+-----------------------------+----------------------------+----------------------------+-----------------------------+-----------------------------+--------------------+--------------------+-------------------------------------+-------------------------------------+----------------------------+----------------------------+---------------------------+---------------------------+
; outMux[0]     ; 2.5 V        ; 0 s                 ; 0 s                 ; 2.32 V                       ; 1.06e-06 V                   ; 2.36 V              ; -0.00548 V          ; 0.108 V                              ; 0.017 V                              ; 4.48e-10 s                  ; 4.25e-10 s                  ; Yes                        ; Yes                        ; 2.32 V                      ; 1.06e-06 V                  ; 2.36 V             ; -0.00548 V         ; 0.108 V                             ; 0.017 V                             ; 4.48e-10 s                 ; 4.25e-10 s                 ; Yes                       ; Yes                       ;
; outMux[1]     ; 2.5 V        ; 0 s                 ; 0 s                 ; 2.32 V                       ; 7.11e-07 V                   ; 2.33 V              ; -0.00353 V          ; 0.131 V                              ; 0.073 V                              ; 3.33e-09 s                  ; 3.13e-09 s                  ; Yes                        ; Yes                        ; 2.32 V                      ; 7.11e-07 V                  ; 2.33 V             ; -0.00353 V         ; 0.131 V                             ; 0.073 V                             ; 3.33e-09 s                 ; 3.13e-09 s                 ; Yes                       ; Yes                       ;
; outMux[2]     ; 2.5 V        ; 0 s                 ; 0 s                 ; 2.32 V                       ; 7.11e-07 V                   ; 2.36 V              ; -0.00477 V          ; 0.097 V                              ; 0.012 V                              ; 4.4e-10 s                   ; 4.15e-10 s                  ; Yes                        ; Yes                        ; 2.32 V                      ; 7.11e-07 V                  ; 2.36 V             ; -0.00477 V         ; 0.097 V                             ; 0.012 V                             ; 4.4e-10 s                  ; 4.15e-10 s                 ; Yes                       ; Yes                       ;
; outMux[3]     ; 2.5 V        ; 0 s                 ; 0 s                 ; 2.32 V                       ; 7.11e-07 V                   ; 2.35 V              ; -0.00791 V          ; 0.102 V                              ; 0.023 V                              ; 6.39e-10 s                  ; 5.99e-10 s                  ; Yes                        ; Yes                        ; 2.32 V                      ; 7.11e-07 V                  ; 2.35 V             ; -0.00791 V         ; 0.102 V                             ; 0.023 V                             ; 6.39e-10 s                 ; 5.99e-10 s                 ; Yes                       ; Yes                       ;
; outMux[4]     ; 2.5 V        ; 0 s                 ; 0 s                 ; 2.32 V                       ; 7.11e-07 V                   ; 2.35 V              ; -0.00791 V          ; 0.102 V                              ; 0.023 V                              ; 6.39e-10 s                  ; 5.99e-10 s                  ; Yes                        ; Yes                        ; 2.32 V                      ; 7.11e-07 V                  ; 2.35 V             ; -0.00791 V         ; 0.102 V                             ; 0.023 V                             ; 6.39e-10 s                 ; 5.99e-10 s                 ; Yes                       ; Yes                       ;
; outMux[5]     ; 2.5 V        ; 0 s                 ; 0 s                 ; 2.32 V                       ; 7.11e-07 V                   ; 2.35 V              ; -0.00791 V          ; 0.102 V                              ; 0.023 V                              ; 6.39e-10 s                  ; 5.99e-10 s                  ; Yes                        ; Yes                        ; 2.32 V                      ; 7.11e-07 V                  ; 2.35 V             ; -0.00791 V         ; 0.102 V                             ; 0.023 V                             ; 6.39e-10 s                 ; 5.99e-10 s                 ; Yes                       ; Yes                       ;
; outMux[6]     ; 2.5 V        ; 0 s                 ; 0 s                 ; 2.32 V                       ; 1.06e-06 V                   ; 2.36 V              ; -0.00548 V          ; 0.108 V                              ; 0.017 V                              ; 4.48e-10 s                  ; 4.25e-10 s                  ; Yes                        ; Yes                        ; 2.32 V                      ; 1.06e-06 V                  ; 2.36 V             ; -0.00548 V         ; 0.108 V                             ; 0.017 V                             ; 4.48e-10 s                 ; 4.25e-10 s                 ; Yes                       ; Yes                       ;
; outMux[7]     ; 2.5 V        ; 0 s                 ; 0 s                 ; 2.32 V                       ; 7.11e-07 V                   ; 2.36 V              ; -0.00477 V          ; 0.097 V                              ; 0.012 V                              ; 4.4e-10 s                   ; 4.15e-10 s                  ; Yes                        ; Yes                        ; 2.32 V                      ; 7.11e-07 V                  ; 2.36 V             ; -0.00477 V         ; 0.097 V                             ; 0.012 V                             ; 4.4e-10 s                  ; 4.15e-10 s                 ; Yes                       ; Yes                       ;
; ~ALTERA_DCLK~ ; 2.5 V        ; 0 s                 ; 0 s                 ; 2.32 V                       ; 5.68e-07 V                   ; 2.36 V              ; -0.0222 V           ; 0.073 V                              ; 0.035 V                              ; 3.97e-10 s                  ; 3.26e-10 s                  ; Yes                        ; Yes                        ; 2.32 V                      ; 5.68e-07 V                  ; 2.36 V             ; -0.0222 V          ; 0.073 V                             ; 0.035 V                             ; 3.97e-10 s                 ; 3.26e-10 s                 ; Yes                       ; Yes                       ;
; ~ALTERA_nCEO~ ; 2.5 V        ; 0 s                 ; 0 s                 ; 2.32 V                       ; 9.36e-07 V                   ; 2.35 V              ; -0.00597 V          ; 0.081 V                              ; 0.031 V                              ; 5.3e-10 s                   ; 7.56e-10 s                  ; Yes                        ; Yes                        ; 2.32 V                      ; 9.36e-07 V                  ; 2.35 V             ; -0.00597 V         ; 0.081 V                             ; 0.031 V                             ; 5.3e-10 s                  ; 7.56e-10 s                 ; Yes                       ; Yes                       ;
+---------------+--------------+---------------------+---------------------+------------------------------+------------------------------+---------------------+---------------------+--------------------------------------+--------------------------------------+-----------------------------+-----------------------------+----------------------------+----------------------------+-----------------------------+-----------------------------+--------------------+--------------------+-------------------------------------+-------------------------------------+----------------------------+----------------------------+---------------------------+---------------------------+


+--------------------------------------------------------------------------------------------------------------------------------------------------------------------------------------------------------------------------------------------------------------------------------------------------------------------------------------------------------------------------------------------------------------------------------------------------------------------------------------------------------------------------------------------------------------------------------------------------------------------------------------------------------------------------------------------+
; Fast Corner Signal Integrity Metrics                                                                                                                                                                                                                                                                                                                                                                                                                                                                                                                                                                                                                                                       ;
+---------------+--------------+---------------------+---------------------+------------------------------+------------------------------+---------------------+---------------------+--------------------------------------+--------------------------------------+-----------------------------+-----------------------------+----------------------------+----------------------------+-----------------------------+-----------------------------+--------------------+--------------------+-------------------------------------+-------------------------------------+----------------------------+----------------------------+---------------------------+---------------------------+
; Pin           ; I/O Standard ; Board Delay on Rise ; Board Delay on Fall ; Steady State Voh at FPGA Pin ; Steady State Vol at FPGA Pin ; Voh Max at FPGA Pin ; Vol Min at FPGA Pin ; Ringback Voltage on Rise at FPGA Pin ; Ringback Voltage on Fall at FPGA Pin ; 10-90 Rise Time at FPGA Pin ; 90-10 Fall Time at FPGA Pin ; Monotonic Rise at FPGA Pin ; Monotonic Fall at FPGA Pin ; Steady State Voh at Far-end ; Steady State Vol at Far-end ; Voh Max at Far-end ; Vol Min at Far-end ; Ringback Voltage on Rise at Far-end ; Ringback Voltage on Fall at Far-end ; 10-90 Rise Time at Far-end ; 90-10 Fall Time at Far-end ; Monotonic Rise at Far-end ; Monotonic Fall at Far-end ;
+---------------+--------------+---------------------+---------------------+------------------------------+------------------------------+---------------------+---------------------+--------------------------------------+--------------------------------------+-----------------------------+-----------------------------+----------------------------+----------------------------+-----------------------------+-----------------------------+--------------------+--------------------+-------------------------------------+-------------------------------------+----------------------------+----------------------------+---------------------------+---------------------------+
; outMux[0]     ; 2.5 V        ; 0 s                 ; 0 s                 ; 2.62 V                       ; 4.02e-08 V                   ; 2.71 V              ; -0.0354 V           ; 0.174 V                              ; 0.098 V                              ; 2.73e-10 s                  ; 2.69e-10 s                  ; Yes                        ; Yes                        ; 2.62 V                      ; 4.02e-08 V                  ; 2.71 V             ; -0.0354 V          ; 0.174 V                             ; 0.098 V                             ; 2.73e-10 s                 ; 2.69e-10 s                 ; Yes                       ; Yes                       ;
; outMux[1]     ; 2.5 V        ; 0 s                 ; 0 s                 ; 2.62 V                       ; 2.7e-08 V                    ; 2.64 V              ; -0.0118 V           ; 0.201 V                              ; 0.175 V                              ; 2.38e-09 s                  ; 2.21e-09 s                  ; No                         ; Yes                        ; 2.62 V                      ; 2.7e-08 V                   ; 2.64 V             ; -0.0118 V          ; 0.201 V                             ; 0.175 V                             ; 2.38e-09 s                 ; 2.21e-09 s                 ; No                        ; Yes                       ;
; outMux[2]     ; 2.5 V        ; 0 s                 ; 0 s                 ; 2.62 V                       ; 2.7e-08 V                    ; 2.72 V              ; -0.0401 V           ; 0.163 V                              ; 0.091 V                              ; 2.71e-10 s                  ; 2.61e-10 s                  ; Yes                        ; Yes                        ; 2.62 V                      ; 2.7e-08 V                   ; 2.72 V             ; -0.0401 V          ; 0.163 V                             ; 0.091 V                             ; 2.71e-10 s                 ; 2.61e-10 s                 ; Yes                       ; Yes                       ;
; outMux[3]     ; 2.5 V        ; 0 s                 ; 0 s                 ; 2.62 V                       ; 2.7e-08 V                    ; 2.71 V              ; -0.0354 V           ; 0.148 V                              ; 0.064 V                              ; 4.51e-10 s                  ; 4.14e-10 s                  ; No                         ; Yes                        ; 2.62 V                      ; 2.7e-08 V                   ; 2.71 V             ; -0.0354 V          ; 0.148 V                             ; 0.064 V                             ; 4.51e-10 s                 ; 4.14e-10 s                 ; No                        ; Yes                       ;
; outMux[4]     ; 2.5 V        ; 0 s                 ; 0 s                 ; 2.62 V                       ; 2.7e-08 V                    ; 2.71 V              ; -0.0354 V           ; 0.148 V                              ; 0.064 V                              ; 4.51e-10 s                  ; 4.14e-10 s                  ; No                         ; Yes                        ; 2.62 V                      ; 2.7e-08 V                   ; 2.71 V             ; -0.0354 V          ; 0.148 V                             ; 0.064 V                             ; 4.51e-10 s                 ; 4.14e-10 s                 ; No                        ; Yes                       ;
; outMux[5]     ; 2.5 V        ; 0 s                 ; 0 s                 ; 2.62 V                       ; 2.7e-08 V                    ; 2.71 V              ; -0.0354 V           ; 0.148 V                              ; 0.064 V                              ; 4.51e-10 s                  ; 4.14e-10 s                  ; No                         ; Yes                        ; 2.62 V                      ; 2.7e-08 V                   ; 2.71 V             ; -0.0354 V          ; 0.148 V                             ; 0.064 V                             ; 4.51e-10 s                 ; 4.14e-10 s                 ; No                        ; Yes                       ;
; outMux[6]     ; 2.5 V        ; 0 s                 ; 0 s                 ; 2.62 V                       ; 4.02e-08 V                   ; 2.71 V              ; -0.0354 V           ; 0.174 V                              ; 0.098 V                              ; 2.73e-10 s                  ; 2.69e-10 s                  ; Yes                        ; Yes                        ; 2.62 V                      ; 4.02e-08 V                  ; 2.71 V             ; -0.0354 V          ; 0.174 V                             ; 0.098 V                             ; 2.73e-10 s                 ; 2.69e-10 s                 ; Yes                       ; Yes                       ;
; outMux[7]     ; 2.5 V        ; 0 s                 ; 0 s                 ; 2.62 V                       ; 2.7e-08 V                    ; 2.72 V              ; -0.0401 V           ; 0.163 V                              ; 0.091 V                              ; 2.71e-10 s                  ; 2.61e-10 s                  ; Yes                        ; Yes                        ; 2.62 V                      ; 2.7e-08 V                   ; 2.72 V             ; -0.0401 V          ; 0.163 V                             ; 0.091 V                             ; 2.71e-10 s                 ; 2.61e-10 s                 ; Yes                       ; Yes                       ;
; ~ALTERA_DCLK~ ; 2.5 V        ; 0 s                 ; 0 s                 ; 2.62 V                       ; 2.2e-08 V                    ; 2.74 V              ; -0.061 V            ; 0.159 V                              ; 0.078 V                              ; 2.7e-10 s                   ; 2.2e-10 s                   ; No                         ; Yes                        ; 2.62 V                      ; 2.2e-08 V                   ; 2.74 V             ; -0.061 V           ; 0.159 V                             ; 0.078 V                             ; 2.7e-10 s                  ; 2.2e-10 s                  ; No                        ; Yes                       ;
; ~ALTERA_nCEO~ ; 2.5 V        ; 0 s                 ; 0 s                 ; 2.62 V                       ; 3.52e-08 V                   ; 2.7 V               ; -0.0121 V           ; 0.274 V                              ; 0.034 V                              ; 3.18e-10 s                  ; 4.96e-10 s                  ; No                         ; Yes                        ; 2.62 V                      ; 3.52e-08 V                  ; 2.7 V              ; -0.0121 V          ; 0.274 V                             ; 0.034 V                             ; 3.18e-10 s                 ; 4.96e-10 s                 ; No                        ; Yes                       ;
+---------------+--------------+---------------------+---------------------+------------------------------+------------------------------+---------------------+---------------------+--------------------------------------+--------------------------------------+-----------------------------+-----------------------------+----------------------------+----------------------------+-----------------------------+-----------------------------+--------------------+--------------------+-------------------------------------+-------------------------------------+----------------------------+----------------------------+---------------------------+---------------------------+


-------------------
; Clock Transfers ;
-------------------
Nothing to report.


---------------
; Report TCCS ;
---------------
No dedicated SERDES Transmitter circuitry present in device or used in design


---------------
; Report RSKM ;
---------------
No dedicated SERDES Receiver circuitry present in device or used in design


+------------------------------------------------+
; Unconstrained Paths                            ;
+---------------------------------+-------+------+
; Property                        ; Setup ; Hold ;
+---------------------------------+-------+------+
; Illegal Clocks                  ; 0     ; 0    ;
; Unconstrained Clocks            ; 0     ; 0    ;
; Unconstrained Input Ports       ; 34    ; 34   ;
; Unconstrained Input Port Paths  ; 48    ; 48   ;
; Unconstrained Output Ports      ; 8     ; 8    ;
; Unconstrained Output Port Paths ; 48    ; 48   ;
+---------------------------------+-------+------+


+------------------------------------+
; TimeQuest Timing Analyzer Messages ;
+------------------------------------+
Info: *******************************************************************
Info: Running Quartus II 32-bit TimeQuest Timing Analyzer
    Info: Version 12.0 Build 263 08/02/2012 Service Pack 2 SJ Web Edition
    Info: Processing started: Thu Nov 22 13:32:20 2012
Info: Command: quartus_sta MUX4X1 -c MUX4X1
Info: qsta_default_script.tcl version: #2
Warning (20028): Parallel compilation is not licensed and has been disabled
Info (21076): High junction temperature operating condition is not set. Assuming a default value of '85'.
Info (21076): Low junction temperature operating condition is not set. Assuming a default value of '0'.
Critical Warning (332012): Synopsys Design Constraints File file not found: 'MUX4X1.sdc'. A Synopsys Design Constraints File is required by the TimeQuest Timing Analyzer to get proper timing constraints. Without it, the Compiler will not properly optimize the design.
Info (332142): No user constrained base clocks found in the design. Calling "derive_clocks -period 1.0"
Info (332096): The command derive_clocks did not find any clocks to derive.  No clocks were created or changed.
Warning (332068): No clocks defined in design.
Info (332143): No user constrained clock uncertainty found in the design. Calling "derive_clock_uncertainty"
Info (332154): The derive_clock_uncertainty command did not apply clock uncertainty to any clock-to-clock transfers.
Info: Found TIMEQUEST_REPORT_SCRIPT_INCLUDE_DEFAULT_ANALYSIS = ON
Info (332159): No clocks to report
Info: Analyzing Slow 1200mV 85C Model
Info (332140): No fmax paths to report
Info (332140): No Setup paths to report
Info (332140): No Hold paths to report
Info (332140): No Recovery paths to report
Info (332140): No Removal paths to report
Info (332140): No Minimum Pulse Width paths to report
Info: Analyzing Slow 1200mV 0C Model
Info (334003): Started post-fitting delay annotation
Info (334004): Delay annotation completed successfully
Info (332142): No user constrained base clocks found in the design. Calling "derive_clocks -period 1.0"
Info (332096): The command derive_clocks did not find any clocks to derive.  No clocks were created or changed.
Warning (332068): No clocks defined in design.
Info (332154): The derive_clock_uncertainty command did not apply clock uncertainty to any clock-to-clock transfers.
Info (332140): No fmax paths to report
Info (332140): No Setup paths to report
Info (332140): No Hold paths to report
Info (332140): No Recovery paths to report
Info (332140): No Removal paths to report
Info (332140): No Minimum Pulse Width paths to report
Info: Analyzing Fast 1200mV 0C Model
Info (332142): No user constrained base clocks found in the design. Calling "derive_clocks -period 1.0"
Info (332096): The command derive_clocks did not find any clocks to derive.  No clocks were created or changed.
Warning (332068): No clocks defined in design.
Info (332154): The derive_clock_uncertainty command did not apply clock uncertainty to any clock-to-clock transfers.
Info (332140): No Setup paths to report
Info (332140): No Hold paths to report
Info (332140): No Recovery paths to report
Info (332140): No Removal paths to report
Info (332140): No Minimum Pulse Width paths to report
Info (332102): Design is not fully constrained for setup requirements
Info (332102): Design is not fully constrained for hold requirements
Info: Quartus II 32-bit TimeQuest Timing Analyzer was successful. 0 errors, 5 warnings
    Info: Peak virtual memory: 287 megabytes
    Info: Processing ended: Thu Nov 22 13:32:26 2012
    Info: Elapsed time: 00:00:06
    Info: Total CPU time (on all processors): 00:00:04


