------------------------------------------------------------
TimeQuest Timing Analyzer Summary
------------------------------------------------------------

Type  : Slow 1200mV 85C Model Setup 'timer_start'
Slack : -3.504
TNS   : -80.167

Type  : Slow 1200mV 85C Model Hold 'timer_start'
Slack : 0.857
TNS   : 0.000

Type  : Slow 1200mV 85C Model Minimum Pulse Width 'timer_start'
Slack : -3.000
TNS   : -3.000

Type  : Slow 1200mV 0C Model Setup 'timer_start'
Slack : -3.103
TNS   : -70.604

Type  : Slow 1200mV 0C Model Hold 'timer_start'
Slack : 0.775
TNS   : 0.000

Type  : Slow 1200mV 0C Model Minimum Pulse Width 'timer_start'
Slack : -3.000
TNS   : -3.000

Type  : Fast 1200mV 0C Model Setup 'timer_start'
Slack : -1.490
TNS   : -29.578

Type  : Fast 1200mV 0C Model Hold 'timer_start'
Slack : 0.455
TNS   : 0.000

Type  : Fast 1200mV 0C Model Minimum Pulse Width 'timer_start'
Slack : -3.000
TNS   : -3.000

------------------------------------------------------------
